src/components/DayPill.tsx(68,33): error TS2339: Property 'blackText' does not exist on type '{ primary: string; accent: string; background: string; textPrimary: string; textSecondary: string; white: string; cardBg: string; cardBorder: string; primaryDim: string; onSurface: string; onSurfaceVariant: string; ... 11 more ...; blobAccent: string; }'.
src/components/Header.tsx(85,29): error TS2339: Property 'accentIndigo' does not exist on type '{ primary: string; accent: string; background: string; textPrimary: string; textSecondary: string; white: string; cardBg: string; cardBorder: string; primaryDim: string; onSurface: string; onSurfaceVariant: string; ... 11 more ...; blobAccent: string; }'.
src/components/InfoRow.tsx(58,29): error TS2339: Property 'rowDivider' does not exist on type '{ primary: string; accent: string; background: string; textPrimary: string; textSecondary: string; white: string; cardBg: string; cardBorder: string; primaryDim: string; onSurface: string; onSurfaceVariant: string; ... 11 more ...; blobAccent: string; }'.
src/components/MacroTag.tsx(16,73): error TS2339: Property 'proteinBg' does not exist on type '{ primary: string; accent: string; background: string; textPrimary: string; textSecondary: string; white: string; cardBg: string; cardBorder: string; primaryDim: string; onSurface: string; onSurfaceVariant: string; ... 11 more ...; blobAccent: string; }'.
src/components/MacroTag.tsx(16,97): error TS2339: Property 'proteinText' does not exist on type '{ primary: string; accent: string; background: string; textPrimary: string; textSecondary: string; white: string; cardBg: string; cardBorder: string; primaryDim: string; onSurface: string; onSurfaceVariant: string; ... 11 more ...; blobAccent: string; }'.
src/components/MacroTag.tsx(16,125): error TS2339: Property 'proteinBorder' does not exist on type '{ primary: string; accent: string; background: string; textPrimary: string; textSecondary: string; white: string; cardBg: string; cardBorder: string; primaryDim: string; onSurface: string; onSurfaceVariant: string; ... 11 more ...; blobAccent: string; }'.
src/components/MacroTag.tsx(17,72): error TS2551: Property 'carbBg' does not exist on type '{ primary: string; accent: string; background: string; textPrimary: string; textSecondary: string; white: string; cardBg: string; cardBorder: string; primaryDim: string; onSurface: string; onSurfaceVariant: string; ... 11 more ...; blobAccent: string; }'. Did you mean 'cardBg'?
src/components/MacroTag.tsx(17,96): error TS2339: Property 'carbText' does not exist on type '{ primary: string; accent: string; background: string; textPrimary: string; textSecondary: string; white: string; cardBg: string; cardBorder: string; primaryDim: string; onSurface: string; onSurfaceVariant: string; ... 11 more ...; blobAccent: string; }'.
src/components/MacroTag.tsx(17,124): error TS2551: Property 'carbBorder' does not exist on type '{ primary: string; accent: string; background: string; textPrimary: string; textSecondary: string; white: string; cardBg: string; cardBorder: string; primaryDim: string; onSurface: string; onSurfaceVariant: string; ... 11 more ...; blobAccent: string; }'. Did you mean 'cardBorder'?
src/components/MacroTag.tsx(18,72): error TS2339: Property 'fatBg' does not exist on type '{ primary: string; accent: string; background: string; textPrimary: string; textSecondary: string; white: string; cardBg: string; cardBorder: string; primaryDim: string; onSurface: string; onSurfaceVariant: string; ... 11 more ...; blobAccent: string; }'.
src/components/MacroTag.tsx(18,96): error TS2339: Property 'fatText' does not exist on type '{ primary: string; accent: string; background: string; textPrimary: string; textSecondary: string; white: string; cardBg: string; cardBorder: string; primaryDim: string; onSurface: string; onSurfaceVariant: string; ... 11 more ...; blobAccent: string; }'.
src/components/MacroTag.tsx(18,124): error TS2339: Property 'fatBorder' does not exist on type '{ primary: string; accent: string; background: string; textPrimary: string; textSecondary: string; white: string; cardBg: string; cardBorder: string; primaryDim: string; onSurface: string; onSurfaceVariant: string; ... 11 more ...; blobAccent: string; }'.
src/screens/LoginScreen.tsx(292,79): error TS2339: Property 'accentIndigo' does not exist on type '{ primary: string; accent: string; background: string; textPrimary: string; textSecondary: string; white: string; cardBg: string; cardBorder: string; primaryDim: string; onSurface: string; onSurfaceVariant: string; ... 11 more ...; blobAccent: string; }'.
src/services/notificationService.ts(18,35): error TS2322: Type 'Promise<{ shouldShowAlert: true; shouldPlaySound: true; shouldSetBadge: false; }>' is not assignable to type 'Promise<NotificationBehavior>'.
  Type '{ shouldShowAlert: true; shouldPlaySound: true; shouldSetBadge: false; }' is missing the following properties from type 'NotificationBehavior': shouldShowBanner, shouldShowList
